C51 COMPILER V7.50   MAIN                                                                  11/17/2011 21:31:55 PAGE 1   


C51 COMPILER V7.50, COMPILATION OF MODULE MAIN
OBJECT MODULE PLACED IN main.OBJ
COMPILER INVOKED BY: C:\Keil\C51\BIN\C51.EXE main.c BROWSE DEBUG OBJECTEXTEND

line level    source

   1          #include <reg52.h>
   2          #define uchar unsigned char
   3          #define uint  unsigned int
   4          //定义Max7219端口
   5          sbit Max7219_pinCLK = P1^2;
   6          sbit Max7219_pinCS  = P1^1;
   7          sbit Max7219_pinDIN = P1^0;
   8          
   9          void Delay_xms(uint x)
  10          {
  11   1       uint i,j;
  12   1       for(i=0;i<x;i++)
  13   1        for(j=0;j<112;j++);
  14   1      }
  15          //--------------------------------------------
  16          //功能：向MAX7219(U3)写入字节
  17          //入口参数：DATA 
  18          //出口参数：无
  19          //说明：
  20          void Write_Max7219_byte(uchar DATA)         
  21          {
  22   1              uchar i;    
  23   1                      Max7219_pinCS=0;                
  24   1                  for(i=8;i>=1;i--)
  25   1                {               
  26   2                  Max7219_pinCLK=0;
  27   2                  Max7219_pinDIN=DATA&0x80;
  28   2                  DATA=DATA<<1;
  29   2                  Max7219_pinCLK=1;
  30   2                 }                                 
  31   1      }
  32          //-------------------------------------------
  33          //功能：向MAX7219写入数据
  34          //入口参数：address、dat
  35          //出口参数：无
  36          //说明：
  37          void Write_Max7219(uchar address,uchar dat)
  38          { 
  39   1           Max7219_pinCS=0;
  40   1               Write_Max7219_byte(address);           //写入地址，即数码管编号
  41   1           Write_Max7219_byte(dat);               //写入数据，即数码管显示数字 
  42   1               Max7219_pinCS=1;                        
  43   1      }
  44          
  45          void Init_MAX7219(void)
  46          {
  47   1       Write_Max7219(0x09, 0xff);       //译码方式：BCD码
  48   1       Write_Max7219(0x0a, 0x03);       //亮度
  49   1       Write_Max7219(0x0b, 0x07);       //扫描界限；4个数码管显示
  50   1       Write_Max7219(0x0c, 0x01);       //掉电模式：0，普通模式：1
  51   1       Write_Max7219(0x0f, 0x01);       //显示测试：1；测试结束，正常显示：0
  52   1      }
  53          void main(void)
  54          {
  55   1       Delay_xms(50);
C51 COMPILER V7.50   MAIN                                                                  11/17/2011 21:31:55 PAGE 2   

  56   1       Init_MAX7219();
  57   1       Delay_xms(2000);
  58   1       Write_Max7219(0x0f, 0x00);       //显示测试：1；测试结束，正常显示：0
  59   1       Write_Max7219(1,8);
  60   1       Write_Max7219(2,7);
  61   1       Write_Max7219(3,6);
  62   1       Write_Max7219(4,5); 
  63   1       Write_Max7219(5,4);
  64   1       Write_Max7219(6,3);
  65   1       Write_Max7219(7,2);
  66   1       Write_Max7219(8,1);
  67   1       while(1);
  68   1      }


MODULE INFORMATION:   STATIC OVERLAYABLE
   CODE SIZE        =    172    ----
   CONSTANT SIZE    =   ----    ----
   XDATA SIZE       =   ----    ----
   PDATA SIZE       =   ----    ----
   DATA SIZE        =   ----    ----
   IDATA SIZE       =   ----    ----
   BIT SIZE         =   ----    ----
END OF MODULE INFORMATION.


C51 COMPILATION COMPLETE.  0 WARNING(S),  0 ERROR(S)
